<?xml version="1.0" encoding="UTF-8"?>
<testsuites name="jest tests" tests="9" failures="0" errors="0" time="1.486">
  <testsuite name="API Route: /api/upload" errors="0" failures="0" skipped="0" timestamp="2024-11-20T03:34:08" time="0.367" tests="4">
    <testcase classname="API Route: /api/upload" name="Should return 301 when file type is epub and filesize is less than 90mb" time="0.007">
    </testcase>
    <testcase classname="API Route: /api/upload" name="Should return a 400 when upload content is missing" time="0.002">
    </testcase>
    <testcase classname="API Route: /api/upload" name="Should return a 400 when file type is not epub" time="0.003">
    </testcase>
    <testcase classname="API Route: /api/upload" name="Should return a 400 when file is larger than 90mb" time="0.002">
    </testcase>
  </testsuite>
  <testsuite name="FileUpload Component" errors="0" failures="0" skipped="0" timestamp="2024-11-20T03:34:08" time="0.636" tests="4">
    <testcase classname="FileUpload Component" name="Renders error message on wrong file type" time="0.018">
    </testcase>
    <testcase classname="FileUpload Component" name="Removes the error message after valid ePub is selected" time="0.004">
    </testcase>
    <testcase classname="FileUpload Component" name="Should display an error message if the file size is over 90mb" time="0.003">
    </testcase>
    <testcase classname="FileUpload Component" name="Should render the progress bar during upload" time="0.45">
    </testcase>
  </testsuite>
  <testsuite name="Page" errors="0" failures="0" skipped="0" timestamp="2024-11-20T03:34:09" time="0.184" tests="1">
    <testcase classname="Page" name="renders main" time="0.021">
    </testcase>
  </testsuite>
</testsuites>